// Jest Snapshot v1, https://goo.gl/fbAQLP

exports[`<App/> SnapShot creation 1`] = `
<div
  style={
    Object {
      "backgroundColor": null,
    }
  }
>
  <BrowserRouter>
    <NavBar
      darkMode={[Function]}
      setTheCountry={[Function]}
    />
    <ForwardRef
      color="#f11946"
      height={3}
      onLoaderFinished={[Function]}
      progress={0}
      shadow={true}
    />
    <Routes>
      <Route
        element={
          <News
            category="general"
            country="in"
            darkMode={false}
            pageSize={20}
            progressBar={[Function]}
          />
        }
        exact={true}
        path="/"
      />
      <Route
        element={
          <News
            category="general"
            country="in"
            darkMode={false}
            pageSize={20}
            progressBar={[Function]}
          />
        }
        exact={true}
        path="/general"
      />
      <Route
        element={
          <News
            category="health"
            country="in"
            darkMode={false}
            pageSize={20}
            progressBar={[Function]}
          />
        }
        exact={true}
        path="/health"
      />
      <Route
        element={
          <News
            category="business"
            country="in"
            darkMode={false}
            pageSize={20}
            progressBar={[Function]}
          />
        }
        exact={true}
        path="/business"
      />
      <Route
        element={
          <News
            category="entertainment"
            country="in"
            darkMode={false}
            pageSize={20}
            progressBar={[Function]}
          />
        }
        exact={true}
        path="/entertainment"
      />
      <Route
        element={
          <News
            category="sports"
            country="in"
            darkMode={false}
            pageSize={20}
            progressBar={[Function]}
          />
        }
        exact={true}
        path="/sports"
      />
      <Route
        element={
          <News
            category="technology"
            country="in"
            darkMode={false}
            pageSize={20}
            progressBar={[Function]}
          />
        }
        exact={true}
        path="/technology"
      />
      <Route
        element={
          <News
            category="science"
            country="in"
            darkMode={false}
            pageSize={20}
            progressBar={[Function]}
          />
        }
        exact={true}
        path="/science"
      />
    </Routes>
  </BrowserRouter>
</div>
`;
